分类: 📺央视频道, 名称: CCTV-12, 有效: 1, IPv4: 1, IPv6: 0, 最小延迟: 239 ms, 最高速率: 3.98 M/s, 平均速率: 3.98 M/s, 最高分辨率: 1280x720, 平均帧率: 未知, 视频编解码器: 未知, 音频编解码器: 未知
分类: 📺央视频道, 名称: CCTV-8, 有效: 1, IPv4: 1, IPv6: 0, 最小延迟: 232 ms, 最高速率: 3.20 M/s, 平均速率: 3.20 M/s, 最高分辨率: 1280x720, 平均帧率: 未知, 视频编解码器: 未知, 音频编解码器: 未知
分类: 📺央视频道, 名称: CCTV-10, 有效: 1, IPv4: 1, IPv6: 0, 最小延迟: 261 ms, 最高速率: 6.05 M/s, 平均速率: 6.05 M/s, 最高分辨率: 1280x720, 平均帧率: 未知, 视频编解码器: 未知, 音频编解码器: 未知
分类: 📺央视频道, 名称: CCTV-7, 有效: 1, IPv4: 1, IPv6: 0, 最小延迟: 279 ms, 最高速率: 6.01 M/s, 平均速率: 6.01 M/s, 最高分辨率: 1280x720, 平均帧率: 未知, 视频编解码器: 未知, 音频编解码器: 未知
分类: 📺央视频道, 名称: CCTV-9, 有效: 1, IPv4: 1, IPv6: 0, 最小延迟: 279 ms, 最高速率: 6.18 M/s, 平均速率: 6.18 M/s, 最高分辨率: 1280x720, 平均帧率: 未知, 视频编解码器: 未知, 音频编解码器: 未知
分类: 📺央视频道, 名称: CCTV-5, 有效: 1, IPv4: 1, IPv6: 0, 最小延迟: 282 ms, 最高速率: 4.98 M/s, 平均速率: 4.98 M/s, 最高分辨率: 1280x720, 平均帧率: 未知, 视频编解码器: 未知, 音频编解码器: 未知
分类: 📺央视频道, 名称: CCTV-11, 有效: 1, IPv4: 1, IPv6: 0, 最小延迟: 345 ms, 最高速率: 5.56 M/s, 平均速率: 5.56 M/s, 最高分辨率: 1280x720, 平均帧率: 未知, 视频编解码器: 未知, 音频编解码器: 未知
分类: 📺央视频道, 名称: CCTV-6, 有效: 2, IPv4: 2, IPv6: 0, 最小延迟: 345 ms, 最高速率: 3.73 M/s, 平均速率: 3.65 M/s, 最高分辨率: 1920x1080, 平均帧率: 未知, 视频编解码器: 未知, 音频编解码器: 未知
分类: 📺央视频道, 名称: CCTV-1, 有效: 1, IPv4: 1, IPv6: 0, 最小延迟: 342 ms, 最高速率: 6.35 M/s, 平均速率: 6.35 M/s, 最高分辨率: 1280x720, 平均帧率: 未知, 视频编解码器: 未知, 音频编解码器: 未知
分类: 📺央视频道, 名称: CCTV-2, 有效: 1, IPv4: 1, IPv6: 0, 最小延迟: 394 ms, 最高速率: 5.64 M/s, 平均速率: 5.64 M/s, 最高分辨率: 1280x720, 平均帧率: 未知, 视频编解码器: 未知, 音频编解码器: 未知
分类: 📺央视频道, 名称: CCTV-14, 有效: 1, IPv4: 1, IPv6: 0, 最小延迟: 250 ms, 最高速率: 7.61 M/s, 平均速率: 7.61 M/s, 最高分辨率: 1920x1080, 平均帧率: 未知, 视频编解码器: 未知, 音频编解码器: 未知
分类: 📺央视频道, 名称: CCTV-15, 有效: 1, IPv4: 1, IPv6: 0, 最小延迟: 231 ms, 最高速率: 4.47 M/s, 平均速率: 4.47 M/s, 最高分辨率: 1920x1080, 平均帧率: 未知, 视频编解码器: 未知, 音频编解码器: 未知
分类: 📺央视频道, 名称: CCTV-16, 有效: 1, IPv4: 1, IPv6: 0, 最小延迟: 296 ms, 最高速率: 7.56 M/s, 平均速率: 7.56 M/s, 最高分辨率: 1920x1080, 平均帧率: 未知, 视频编解码器: 未知, 音频编解码器: 未知
分类: 📺央视频道, 名称: CETV-3, 有效: 1, IPv4: 1, IPv6: 0, 最小延迟: 317 ms, 最高速率: 8.93 M/s, 平均速率: 8.93 M/s, 最高分辨率: 1280x720, 平均帧率: 未知, 视频编解码器: 未知, 音频编解码器: 未知
分类: 📺央视频道, 名称: CETV-2, 有效: 1, IPv4: 1, IPv6: 0, 最小延迟: 361 ms, 最高速率: 14.53 M/s, 平均速率: 14.53 M/s, 最高分辨率: 1280x720, 平均帧率: 未知, 视频编解码器: 未知, 音频编解码器: 未知
分类: 📺央视频道, 名称: CETV-1, 有效: 1, IPv4: 1, IPv6: 0, 最小延迟: 411 ms, 最高速率: 12.63 M/s, 平均速率: 12.63 M/s, 最高分辨率: 1920x1080, 平均帧率: 未知, 视频编解码器: 未知, 音频编解码器: 未知
分类: 📡卫视频道, 名称: 江苏卫视, 有效: 1, IPv4: 1, IPv6: 0, 最小延迟: 375 ms, 最高速率: 11.86 M/s, 平均速率: 11.86 M/s, 最高分辨率: 1920x1080, 平均帧率: 未知, 视频编解码器: 未知, 音频编解码器: 未知
分类: 📺央视频道, 名称: CETV-4, 有效: 1, IPv4: 1, IPv6: 0, 最小延迟: 357 ms, 最高速率: 14.38 M/s, 平均速率: 14.38 M/s, 最高分辨率: 1280x720, 平均帧率: 未知, 视频编解码器: 未知, 音频编解码器: 未知
分类: 📡卫视频道, 名称: 安徽卫视, 有效: 1, IPv4: 1, IPv6: 0, 最小延迟: 367 ms, 最高速率: 11.05 M/s, 平均速率: 11.05 M/s, 最高分辨率: 1920x1080, 平均帧率: 未知, 视频编解码器: 未知, 音频编解码器: 未知
分类: 📺央视频道, 名称: CCTV-13, 有效: 0, IPv4: 1, IPv6: 0, 最小延迟: 1084 ms, 最高速率: 0.37 M/s, 平均速率: 0.00 M/s, 最高分辨率: 1920x1080, 平均帧率: 未知, 视频编解码器: 未知, 音频编解码器: 未知
分类: 📡卫视频道, 名称: 重庆卫视, 有效: 1, IPv4: 1, IPv6: 0, 最小延迟: 453 ms, 最高速率: 9.96 M/s, 平均速率: 9.96 M/s, 最高分辨率: 1920x1080, 平均帧率: 未知, 视频编解码器: 未知, 音频编解码器: 未知
分类: 📡卫视频道, 名称: 四川卫视, 有效: 1, IPv4: 1, IPv6: 0, 最小延迟: 413 ms, 最高速率: 10.61 M/s, 平均速率: 10.61 M/s, 最高分辨率: 1920x1080, 平均帧率: 未知, 视频编解码器: 未知, 音频编解码器: 未知
分类: 📡卫视频道, 名称: 湖北卫视, 有效: 1, IPv4: 1, IPv6: 0, 最小延迟: 461 ms, 最高速率: 8.98 M/s, 平均速率: 8.98 M/s, 最高分辨率: 1920x1080, 平均帧率: 未知, 视频编解码器: 未知, 音频编解码器: 未知
分类: 📡卫视频道, 名称: 深圳卫视, 有效: 1, IPv4: 1, IPv6: 0, 最小延迟: 471 ms, 最高速率: 8.20 M/s, 平均速率: 8.20 M/s, 最高分辨率: 1920x1080, 平均帧率: 未知, 视频编解码器: 未知, 音频编解码器: 未知
分类: 📺央视频道, 名称: CCTV-5+, 有效: 0, IPv4: 1, IPv6: 0, 最小延迟: -1 ms, 最高速率: 0.00 M/s, 平均速率: 0.00 M/s, 最高分辨率: 1920x1080, 平均帧率: 未知, 视频编解码器: 未知, 音频编解码器: 未知
分类: 📡卫视频道, 名称: 东南卫视, 有效: 1, IPv4: 1, IPv6: 0, 最小延迟: 368 ms, 最高速率: 9.35 M/s, 平均速率: 9.35 M/s, 最高分辨率: 1920x1080, 平均帧率: 未知, 视频编解码器: 未知, 音频编解码器: 未知
分类: 📡卫视频道, 名称: 湖南卫视, 有效: 1, IPv4: 1, IPv6: 0, 最小延迟: 498 ms, 最高速率: 3.61 M/s, 平均速率: 3.61 M/s, 最高分辨率: 1280x720, 平均帧率: 未知, 视频编解码器: 未知, 音频编解码器: 未知
分类: 📡卫视频道, 名称: 东方卫视, 有效: 1, IPv4: 1, IPv6: 0, 最小延迟: 514 ms, 最高速率: 4.00 M/s, 平均速率: 4.00 M/s, 最高分辨率: 1280x720, 平均帧率: 未知, 视频编解码器: 未知, 音频编解码器: 未知
分类: 📡卫视频道, 名称: 贵州卫视, 有效: 1, IPv4: 1, IPv6: 0, 最小延迟: 307 ms, 最高速率: 12.19 M/s, 平均速率: 12.19 M/s, 最高分辨率: 1920x1080, 平均帧率: 未知, 视频编解码器: 未知, 音频编解码器: 未知
分类: 📡卫视频道, 名称: 黑龙江卫视, 有效: 0, IPv4: 1, IPv6: 0, 最小延迟: 1061 ms, 最高速率: 0.36 M/s, 平均速率: 0.00 M/s, 最高分辨率: 1920x1080, 平均帧率: 未知, 视频编解码器: 未知, 音频编解码器: 未知
分类: 📡卫视频道, 名称: 北京卫视, 有效: 1, IPv4: 1, IPv6: 0, 最小延迟: 205 ms, 最高速率: 3.69 M/s, 平均速率: 3.69 M/s, 最高分辨率: 1920x1080, 平均帧率: 未知, 视频编解码器: 未知, 音频编解码器: 未知
分类: 📡卫视频道, 名称: 浙江卫视, 有效: 1, IPv4: 1, IPv6: 0, 最小延迟: 1364 ms, 最高速率: 2.97 M/s, 平均速率: 2.97 M/s, 最高分辨率: 1920x1080, 平均帧率: 未知, 视频编解码器: 未知, 音频编解码器: 未知
分类: 📡卫视频道, 名称: 河北卫视, 有效: 1, IPv4: 1, IPv6: 0, 最小延迟: 347 ms, 最高速率: 12.80 M/s, 平均速率: 12.80 M/s, 最高分辨率: 1920x1080, 平均帧率: 未知, 视频编解码器: 未知, 音频编解码器: 未知
分类: 📺央视频道, 名称: CCTV-3, 有效: 1, IPv4: 2, IPv6: 0, 最小延迟: 345 ms, 最高速率: 5.65 M/s, 平均速率: 5.65 M/s, 最高分辨率: 1280x720, 平均帧率: 未知, 视频编解码器: 未知, 音频编解码器: 未知
分类: 📡卫视频道, 名称: 江西卫视, 有效: 1, IPv4: 1, IPv6: 0, 最小延迟: 334 ms, 最高速率: 13.56 M/s, 平均速率: 13.56 M/s, 最高分辨率: 1920x1080, 平均帧率: 未知, 视频编解码器: 未知, 音频编解码器: 未知
分类: 📡卫视频道, 名称: 辽宁卫视, 有效: 1, IPv4: 1, IPv6: 0, 最小延迟: 351 ms, 最高速率: 13.19 M/s, 平均速率: 13.19 M/s, 最高分辨率: 1920x1080, 平均帧率: 未知, 视频编解码器: 未知, 音频编解码器: 未知
分类: 📡卫视频道, 名称: 青海卫视, 有效: 1, IPv4: 1, IPv6: 0, 最小延迟: 308 ms, 最高速率: 13.60 M/s, 平均速率: 13.60 M/s, 最高分辨率: 1920x1080, 平均帧率: 未知, 视频编解码器: 未知, 音频编解码器: 未知
分类: 📺央视频道, 名称: CCTV-17, 有效: 1, IPv4: 1, IPv6: 0, 最小延迟: 1082 ms, 最高速率: 0.21 M/s, 平均速率: 0.21 M/s, 最高分辨率: 1280x720, 平均帧率: 未知, 视频编解码器: 未知, 音频编解码器: 未知
分类: 📺央视频道, 名称: CCTV-4, 有效: 1, IPv4: 1, IPv6: 0, 最小延迟: 1549 ms, 最高速率: 0.22 M/s, 平均速率: 0.22 M/s, 最高分辨率: 1280x720, 平均帧率: 未知, 视频编解码器: 未知, 音频编解码器: 未知
分类: 📡卫视频道, 名称: 山东卫视, 有效: 1, IPv4: 1, IPv6: 0, 最小延迟: 480 ms, 最高速率: 9.01 M/s, 平均速率: 9.01 M/s, 最高分辨率: 1920x1080, 平均帧率: 未知, 视频编解码器: 未知, 音频编解码器: 未知
分类: 📡卫视频道, 名称: 河南卫视, 有效: 0, IPv4: 1, IPv6: 0, 最小延迟: -1 ms, 最高速率: 0.00 M/s, 平均速率: 0.00 M/s, 最高分辨率: 1920x1080, 平均帧率: 未知, 视频编解码器: 未知, 音频编解码器: 未知
分类: 📡卫视频道, 名称: 三沙卫视, 有效: 1, IPv4: 1, IPv6: 0, 最小延迟: 325 ms, 最高速率: 10.01 M/s, 平均速率: 10.01 M/s, 最高分辨率: 1920x1080, 平均帧率: 未知, 视频编解码器: 未知, 音频编解码器: 未知
分类: 📡卫视频道, 名称: 甘肃卫视, 有效: 1, IPv4: 1, IPv6: 0, 最小延迟: 61 ms, 最高速率: 85.25 M/s, 平均速率: 85.25 M/s, 最高分辨率: 1920x1080, 平均帧率: 未知, 视频编解码器: 未知, 音频编解码器: 未知
分类: 📡卫视频道, 名称: 广西卫视, 有效: 2, IPv4: 0, IPv6: 2, 最小延迟: 779 ms, 最高速率: 2.15 M/s, 平均速率: 2.13 M/s, 最高分辨率: 1920x1080, 平均帧率: 未知, 视频编解码器: 未知, 音频编解码器: 未知
分类: 📡卫视频道, 名称: 西藏卫视, 有效: 1, IPv4: 1, IPv6: 0, 最小延迟: 64 ms, 最高速率: 81.88 M/s, 平均速率: 81.88 M/s, 最高分辨率: 1920x1080, 平均帧率: 未知, 视频编解码器: 未知, 音频编解码器: 未知
分类: 📡卫视频道, 名称: 天津卫视, 有效: 1, IPv4: 1, IPv6: 0, 最小延迟: 369 ms, 最高速率: 11.02 M/s, 平均速率: 11.02 M/s, 最高分辨率: 1280x720, 平均帧率: 未知, 视频编解码器: 未知, 音频编解码器: 未知
分类: 📡卫视频道, 名称: 内蒙古卫视, 有效: 0, IPv4: 1, IPv6: 0, 最小延迟: 1043 ms, 最高速率: 0.44 M/s, 平均速率: 0.00 M/s, 最高分辨率: 1920x1080, 平均帧率: 未知, 视频编解码器: 未知, 音频编解码器: 未知
分类: 📡卫视频道, 名称: 宁夏卫视, 有效: 0, IPv4: 1, IPv6: 0, 最小延迟: 1045 ms, 最高速率: 0.44 M/s, 平均速率: 0.00 M/s, 最高分辨率: 1920x1080, 平均帧率: 未知, 视频编解码器: 未知, 音频编解码器: 未知
分类: 📺央视频道, 名称: 金鹰卡通, 有效: 0, IPv4: 0, IPv6: 1, 最小延迟: -1 ms, 最高速率: 0.00 M/s, 平均速率: 0.00 M/s, 最高分辨率: 1280x720, 平均帧率: 未知, 视频编解码器: 未知, 音频编解码器: 未知
分类: 📡卫视频道, 名称: 新疆卫视, 有效: 1, IPv4: 1, IPv6: 0, 最小延迟: 305 ms, 最高速率: 13.79 M/s, 平均速率: 13.79 M/s, 最高分辨率: 1920x1080, 平均帧率: 未知, 视频编解码器: 未知, 音频编解码器: 未知
分类: 📡卫视频道, 名称: 云南卫视, 有效: 1, IPv4: 1, IPv6: 0, 最小延迟: 395 ms, 最高速率: 12.30 M/s, 平均速率: 12.30 M/s, 最高分辨率: 1920x1080, 平均帧率: 未知, 视频编解码器: 未知, 音频编解码器: 未知
分类: 📡卫视频道, 名称: 山西卫视, 有效: 0, IPv4: 1, IPv6: 0, 最小延迟: 1029 ms, 最高速率: 0.44 M/s, 平均速率: 0.00 M/s, 最高分辨率: 1920x1080, 平均帧率: 未知, 视频编解码器: 未知, 音频编解码器: 未知
分类: 📡卫视频道, 名称: 大湾区卫视, 有效: 2, IPv4: 2, IPv6: 0, 最小延迟: 508 ms, 最高速率: 9.89 M/s, 平均速率: 9.84 M/s, 最高分辨率: 1280x720, 平均帧率: 未知, 视频编解码器: 未知, 音频编解码器: 未知
分类: 📡卫视频道, 名称: 吉林卫视, 有效: 1, IPv4: 1, IPv6: 0, 最小延迟: 1097 ms, 最高速率: 0.22 M/s, 平均速率: 0.22 M/s, 最高分辨率: 1280x720, 平均帧率: 未知, 视频编解码器: 未知, 音频编解码器: 未知
分类: 📡卫视频道, 名称: 兵团卫视, 有效: 1, IPv4: 1, IPv6: 0, 最小延迟: 1214 ms, 最高速率: 4.17 M/s, 平均速率: 4.17 M/s, 最高分辨率: 1280x720, 平均帧率: 未知, 视频编解码器: 未知, 音频编解码器: 未知
分类: 📡卫视频道, 名称: 凤凰卫视, 有效: 1, IPv4: 0, IPv6: 1, 最小延迟: 564 ms, 最高速率: 10.81 M/s, 平均速率: 10.81 M/s, 最高分辨率: 1920x1080, 平均帧率: 未知, 视频编解码器: 未知, 音频编解码器: 未知
分类: 📡卫视频道, 名称: 陕西卫视, 有效: 0, IPv4: 1, IPv6: 0, 最小延迟: 1915 ms, 最高速率: 0.22 M/s, 平均速率: 0.00 M/s, 最高分辨率: 1920x1080, 平均帧率: 未知, 视频编解码器: 未知, 音频编解码器: 未知
分类: 📡卫视频道, 名称: 广东珠江, 有效: 1, IPv4: 0, IPv6: 1, 最小延迟: 580 ms, 最高速率: 16.69 M/s, 平均速率: 16.69 M/s, 最高分辨率: 1920x1080, 平均帧率: 未知, 视频编解码器: 未知, 音频编解码器: 未知
分类: 📡卫视频道, 名称: 明珠台, 有效: 1, IPv4: 0, IPv6: 1, 最小延迟: 378 ms, 最高速率: 6.39 M/s, 平均速率: 6.39 M/s, 最高分辨率: 1920x1080, 平均帧率: 未知, 视频编解码器: 未知, 音频编解码器: 未知
分类: 📡卫视频道, 名称: 翡翠台, 有效: 4, IPv4: 0, IPv6: 4, 最小延迟: 377 ms, 最高速率: 26.96 M/s, 平均速率: 18.65 M/s, 最高分辨率: 3840x2160, 平均帧率: 未知, 视频编解码器: 未知, 音频编解码器: 未知
分类: 📡卫视频道, 名称: 星空卫视, 有效: 0, IPv4: 0, IPv6: 1, 最小延迟: -1 ms, 最高速率: 0.00 M/s, 平均速率: 0.00 M/s, 最高分辨率: 1280x720, 平均帧率: 未知, 视频编解码器: 未知, 音频编解码器: 未知
分类: 📡卫视频道, 名称: 广州影视, 有效: 0, IPv4: 0, IPv6: 1, 最小延迟: -1 ms, 最高速率: 0.00 M/s, 平均速率: 0.00 M/s, 最高分辨率: 1280x720, 平均帧率: 未知, 视频编解码器: 未知, 音频编解码器: 未知
分类: 📡卫视频道, 名称: 香港卫视, 有效: 0, IPv4: 0, IPv6: 1, 最小延迟: -1 ms, 最高速率: 0.00 M/s, 平均速率: 0.00 M/s, 最高分辨率: 1280x720, 平均帧率: 未知, 视频编解码器: 未知, 音频编解码器: 未知
分类: 📡卫视频道, 名称: 广东卫视, 有效: 1, IPv4: 1, IPv6: 0, 最小延迟: 160 ms, 最高速率: 28.89 M/s, 平均速率: 28.89 M/s, 最高分辨率: 1280x720, 平均帧率: 未知, 视频编解码器: 未知, 音频编解码器: 未知
分类: 📡卫视频道, 名称: 海南卫视, 有效: 0, IPv4: 1, IPv6: 0, 最小延迟: 5490 ms, 最高速率: 0.00 M/s, 平均速率: 0.00 M/s, 最高分辨率: 1920x1080, 平均帧率: 未知, 视频编解码器: 未知, 音频编解码器: 未知
